22:17:01 **** Incremental Build of configuration Debug for project TIM ****
make -j8 all 
arm-none-eabi-gcc "../Core/Src/stm32f4xx_it.c" -mcpu=cortex-m4 -std=gnu11 -g3 -DSTM32F407xx -DDEBUG -DSTM32 -DSTM32F4 -DSTM32F407VGTx -c -I"D:/TRABAJO/UMAKER/CURSOS/ARM - NUCLEO/STM32-Enero2023/TIM/Core/Inc" -I"D:/TRABAJO/UMAKER/CURSOS/ARM - NUCLEO/STM32-Enero2023/TIM/Drivers/CMSIS/Device/ST/STM32F4xx/Include" -I"D:/TRABAJO/UMAKER/CURSOS/ARM - NUCLEO/STM32-Enero2023/TIM/Drivers/CMSIS/Include" -O0 -ffunction-sections -fdata-sections -Wall -fstack-usage -MMD -MP -MF"Core/Src/stm32f4xx_it.d" -MT"Core/Src/stm32f4xx_it.o" --specs=nano.specs -mfpu=fpv4-sp-d16 -mfloat-abi=hard -mthumb -o "Core/Src/stm32f4xx_it.o"
arm-none-eabi-gcc -o "TIM.elf" @"objects.list"   -mcpu=cortex-m4 -T"D:\TRABAJO\UMAKER\CURSOS\ARM - NUCLEO\STM32-Enero2023\TIM\STM32F407VGTX_FLASH.ld" --specs=nosys.specs -Wl,-Map="TIM.map" -Wl,--gc-sections -static --specs=nano.specs -mfpu=fpv4-sp-d16 -mfloat-abi=hard -mthumb -Wl,--start-group -lc -lm -Wl,--end-group
Finished building target: TIM.elf
 
arm-none-eabi-size   TIM.elf 
arm-none-eabi-objdump -h -S  TIM.elf  > "TIM.list"
   text	   data	    bss	    dec	    hex	filename
   1820	     12	   1572	   3404	    d4c	TIM.elf
Finished building: default.size.stdout
 
Finished building: TIM.list
 
22:17:09 **** Incremental Build of configuration Debug for project TIM ****
make -j8 all 
arm-none-eabi-size   TIM.elf 
   text	   data	    bss	    dec	    hex	filename
   1820	     12	   1572	   3404	    d4c	TIM.elf
Finished building: default.size.stdout
 
