21:59:54 **** Incremental Build of configuration Debug for project I2C ****
make -j8 all 
arm-none-eabi-gcc "../Core/Src/main.c" -mcpu=cortex-m4 -std=gnu11 -g3 -DSTM32F407xx -DDEBUG -DSTM32 -DSTM32F4 -DSTM32F407VGTx -c -I"D:/TRABAJO/UMAKER/CURSOS/ARM - NUCLEO/STM32-Enero2023/I2C/Core/Inc" -I"D:/TRABAJO/UMAKER/CURSOS/ARM - NUCLEO/STM32-Enero2023/I2C/Drivers/CMSIS/Device/ST/STM32F4xx/Include" -I"D:/TRABAJO/UMAKER/CURSOS/ARM - NUCLEO/STM32-Enero2023/I2C/Drivers/CMSIS/Include" -O0 -ffunction-sections -fdata-sections -Wall -fstack-usage -MMD -MP -MF"Core/Src/main.d" -MT"Core/Src/main.o" --specs=nano.specs -mfpu=fpv4-sp-d16 -mfloat-abi=hard -mthumb -o "Core/Src/main.o"
arm-none-eabi-gcc -o "I2C.elf" @"objects.list"   -mcpu=cortex-m4 -T"D:\TRABAJO\UMAKER\CURSOS\ARM - NUCLEO\STM32-Enero2023\I2C\STM32F407VGTX_FLASH.ld" --specs=nosys.specs -Wl,-Map="I2C.map" -Wl,--gc-sections -static --specs=nano.specs -mfpu=fpv4-sp-d16 -mfloat-abi=hard -mthumb -Wl,--start-group -lc -lm -Wl,--end-group
Finished building target: I2C.elf
 
arm-none-eabi-size   I2C.elf 
arm-none-eabi-objdump -h -S  I2C.elf  > "I2C.list"
   text	   data	    bss	    dec	    hex	filename
   6488	    112	   1592	   8192	   2000	I2C.elf
Finished building: default.size.stdout
 
Finished building: I2C.list
 

21:59:58 Build Finished. 0 errors, 0 warnings. (took 3s.904ms)

